 [  1] CBC_PUSH_IDENT ident-'next_statement'-id:0
 [  0] CBC_POP
 [  0] CBC_EXT_DEBUGGER
 [  1] CBC_PUSH_IDENT ident-'next_statement'-id:0
 [  0] CBC_POP
 [  0] CBC_EXT_DEBUGGER
 [  1] CBC_PUSH_IDENT ident-'next_statement'-id:0
 [  0] CBC_POP
 [  0] CBC_EXT_DEBUGGER
 [  1] CBC_PUSH_IDENT ident-'next_statement'-id:0
 [  0] CBC_POP

Final byte code:
  Maximum stack depth: 1
  Literal encoding: byte
  Number of var literals: 0
  Number of identifiers: 1
  Number of other literals: 0

   0 : CBC_PUSH_IDENT ident-'next_statement'-id:0
   2 : CBC_POP
   3 : CBC_EXT_DEBUGGER
   5 : CBC_PUSH_IDENT ident-'next_statement'-id:0
   7 : CBC_POP
   8 : CBC_EXT_DEBUGGER
  10 : CBC_PUSH_IDENT ident-'next_statement'-id:0
  12 : CBC_POP
  13 : CBC_EXT_DEBUGGER
  15 : CBC_PUSH_IDENT ident-'next_statement'-id:0
  17 : CBC_POP
  18 : CBC_RETURN_WITH_UNDEFINED

Parse successfully completed. Total byte code size: 19 bytes
