Parse error 'Invalid character.' at line: 3 col: 10
