 [  1] CBC_PUSH_IDENT ident-'next_statement'-id:0
 [  0] CBC_POP
 [  1] CBC_PUSH_IDENT ident-'a'-id:1
 [  0] CBC_BRANCH_IF_TRUE_BACKWARD
 [  1] CBC_PUSH_IDENT ident-'next_statement'-id:0
 [  0] CBC_POP
 [  1] CBC_NEW_IDENT ident-'a'-id:1 byte_arg:0
 [  0] CBC_BRANCH_IF_FALSE_BACKWARD
 [  1] CBC_PUSH_IDENT ident-'next_statement'-id:0
 [  0] CBC_POP
 [  0] CBC_POST_INCR_IDENT ident-'x'-id:2
 [  0] CBC_JUMP_BACKWARD
 [  1] CBC_PUSH_IDENT ident-'a'-id:1
 [  0] CBC_BRANCH_IF_TRUE_BACKWARD
 [  1] CBC_PUSH_IDENT ident-'next_statement'-id:0
 [  0] CBC_POP
 [  0] CBC_CALL_IDENT ident-'x'-id:2 byte_arg:0
 [  0] CBC_CALL_IDENT ident-'y'-id:3 byte_arg:0
 [  0] CBC_CALL_IDENT ident-'z'-id:4 byte_arg:0
 [  1] CBC_PUSH_IDENT ident-'a'-id:1
 [  0] CBC_BRANCH_IF_FALSE_FORWARD
 [  1] CBC_PUSH_TRUE
 [  1] CBC_JUMP_FORWARD
 [  1] CBC_PUSH_FALSE
 [  0] CBC_BRANCH_IF_TRUE_BACKWARD
 [  1] CBC_PUSH_IDENT ident-'next_statement'-id:0
 [  0] CBC_POP

Final byte code:
  Maximum stack depth: 1
  Literal encoding: byte
  Number of var literals: 0
  Number of identifiers: 5
  Number of other literals: 0

   0 : CBC_PUSH_IDENT ident-'next_statement'-id:0
   2 : CBC_POP
   3 : CBC_PUSH_IDENT ident-'a'-id:1
   5 : CBC_BRANCH_IF_TRUE_BACKWARD offset:2(->3)
   7 : CBC_PUSH_IDENT ident-'next_statement'-id:0
   9 : CBC_POP
  10 : CBC_NEW_IDENT byte_arg:0 ident-'a'-id:1
  13 : CBC_BRANCH_IF_FALSE_BACKWARD offset:3(->10)
  15 : CBC_PUSH_IDENT ident-'next_statement'-id:0
  17 : CBC_POP
  18 : CBC_POST_INCR_IDENT ident-'x'-id:2
  20 : CBC_JUMP_BACKWARD offset:2(->18)
  22 : CBC_PUSH_IDENT ident-'a'-id:1
  24 : CBC_BRANCH_IF_TRUE_BACKWARD offset:6(->18)
  26 : CBC_PUSH_IDENT ident-'next_statement'-id:0
  28 : CBC_POP
  29 : CBC_CALL_IDENT byte_arg:0 ident-'x'-id:2
  32 : CBC_CALL_IDENT byte_arg:0 ident-'y'-id:3
  35 : CBC_CALL_IDENT byte_arg:0 ident-'z'-id:4
  38 : CBC_PUSH_IDENT ident-'a'-id:1
  40 : CBC_BRANCH_IF_FALSE_FORWARD offset:5(->45)
  42 : CBC_PUSH_TRUE
  43 : CBC_JUMP_FORWARD offset:3(->46)
  45 : CBC_PUSH_FALSE
  46 : CBC_BRANCH_IF_TRUE_BACKWARD offset:17(->29)
  48 : CBC_PUSH_IDENT ident-'next_statement'-id:0
  50 : CBC_POP
  51 : CBC_RETURN_WITH_UNDEFINED

Parse successfully completed. Total byte code size: 52 bytes
