Parse error 'Primary expression expected after throw.' at line: 4 col: 1
