 [  1] CBC_PUSH_IDENT ident-'next_statement'-id:0
 [  0] CBC_POP
 [  1] CBC_PUSH_IDENT ident-'exp'-id:1
 [  0] CBC_EXT_THROW
 [  1] CBC_PUSH_IDENT ident-'next_statement'-id:0
 [  0] CBC_POP
 [  1] CBC_BINARY_ADD_TWO_LITERALS ident-'a'-id:2 ident-'b'-id:3
 [  0] CBC_EXT_THROW
 [  1] CBC_PUSH_IDENT ident-'next_statement'-id:0
 [  0] CBC_POP
 [  1] CBC_MULTIPLY_TWO_LITERALS ident-'c'-id:4 ident-'d'-id:5
 [  0] CBC_EXT_THROW
 [  1] CBC_PUSH_IDENT ident-'next_statement'-id:0
 [  0] CBC_POP

Final byte code:
  Maximum stack depth: 1
  Literal encoding: byte
  Number of var literals: 0
  Number of identifiers: 6
  Number of other literals: 0

   0 : CBC_PUSH_IDENT ident-'next_statement'-id:0
   2 : CBC_POP
   3 : CBC_PUSH_IDENT ident-'exp'-id:1
   5 : CBC_EXT_THROW
   7 : CBC_PUSH_IDENT ident-'next_statement'-id:0
   9 : CBC_POP
  10 : CBC_BINARY_ADD_TWO_LITERALS ident-'a'-id:2 ident-'b'-id:3
  13 : CBC_EXT_THROW
  15 : CBC_PUSH_IDENT ident-'next_statement'-id:0
  17 : CBC_POP
  18 : CBC_MULTIPLY_TWO_LITERALS ident-'c'-id:4 ident-'d'-id:5
  21 : CBC_EXT_THROW
  23 : CBC_PUSH_IDENT ident-'next_statement'-id:0
  25 : CBC_POP
  26 : CBC_RETURN_WITH_UNDEFINED

Parse successfully completed. Total byte code size: 27 bytes
